% --------------------------------------------------------------------
%\newcommand{\dslash}{\mathbin{\mathsf{/\mkern-4mu/}}}
%\newcommand{\dslasheq}{\mathbin{\mathsf{/\mkern-4mu/\mkern-8mu=}}}
%\newcommand{\slasheq}{\mathbin{\mathsf{/\mkern-6mu=}}}
\newcommand{\drarrow}{\raisebox{.07em}{$\mathbin{\scriptstyle\mathsf{-\mkern-3mu>}}$}}
\newcommand{\dlarrow}{\raisebox{.07em}{$\mathbin{\scriptstyle\mathsf{<\mkern-3mu-}}$}}
\newcommand{\drrarrow}{\raisebox{.07em}{$\mathbin{\scriptstyle\mathsf{-\mkern-3mu>\mkern-3mu>}}$}}
\newcommand{\dllarrow}{\raisebox{.07em}{$\mathbin{\scriptstyle\mathsf{<\mkern-3mu<\mkern-3mu-}}$}}

% --------------------------------------------------------------------
\lstdefinestyle{easycrypt-default}{
  upquote=true,
  escapechar=\#,
  mathescape=false,
  columns=fullflexible,
  keepspaces=true,
  captionpos=b,
  frame=tb,
  xleftmargin=.1\textwidth,
  xrightmargin=.1\textwidth,
  rangebeginprefix={(**\ begin\ },
  rangeendprefix={(**\ end\ },
  rangesuffix={\ *)},
  includerangemarker=false,
  basicstyle=\scriptsize\sffamily,
  identifierstyle={},
  keywordstyle=[1]{\bfseries\color{violet}},
  keywordstyle=[2]{\bfseries\color{olive}},
  keywordstyle=[3]{\bfseries\color{blue}},
  keywordstyle=[4]{\bfseries\color{blue}},
  keywordstyle=[5]{\bfseries\color{red}},
  keywordstyle=[6]{\bfseries\color{violet}},
}

\lstdefinestyle{easycrypt-math}{
  style=easycrypt-default,
  mathescape=true,
}

\lstdefinestyle{easycrypt-math-nocolors}{
  style=easycrypt-default,
  mathescape=true,
  keywordstyle=[1]{\bfseries},
  keywordstyle=[2]{\bfseries},
  keywordstyle=[3]{\bfseries},
  keywordstyle=[4]{\bfseries},
  keywordstyle=[5]{\bfseries},
  keywordstyle=[6]{\bfseries},
}

% --------------------------------------------------------------------
\input{lst-setup/easycrypt-kw.lst}

\lstdefinelanguage{easycrypt-base}{
  language=easycrypt-kw,
  morekeywords=[1]{arg},
  morecomment=[n][\itshape]{(*}{*)},
  morecomment=[n][\bfseries]{(**}{*)},
  literate=
    {tau}{$\tau$}1
    {sigma}{$\sigma$}1
% note double "_" below
% in actual EasyCrypt examples, do not use __
% in specifications, these are rendered as subscripts
    {__1}{${}_{\!1}$}1
    {__2}{${}_{\!2}$}1
    {__3}{${}_{\!3}$}1
    {__n}{${}_{\!n}$}1
    {__p}{${}_{\!p}$}1
    {,,,}{$\mathrel{\ldots}$}1
    {...}{$\mathrel{\cdots}$}1
    {->}{$\rightarrow$}1
    {<-}{$\leftarrow$}1
    {<@}{$\leftarrow$}1
    {<$}{$\xleftarrow{\$}$}1
    {->>}{$\drrarrow$}2
    {<<-}{$\dllarrow$}2
    {:=}{$\mathrel{\gets}$}1
    {<=}{$\mathrel{\leq}$}1
    {>=}{$\mathrel{\geq}$}1
    {<>}{$\mathrel{\neq}$}1
    {=\$}{{${\gets}_\$\;$}}1
    {forall}{{$\forall\;$}}1
    {exists}{{$\exists\;$}}1
    {<->}{{$\leftrightarrow\;$}}1
    {<=>}{{$\Leftrightarrow\;$}}1
    {=>}{{$\Rightarrow\;$}}1
    {==>}{{$\Rrightarrow\;$}}1
    {\\in}{$\in$}1
    {!}{$\neg$}1
    {\/\\}{{$\wedge$}}1
    {\\\/}{{$\vee$}}1
    {.\[}{{[}}1
    {''ora}{{$\mathrel{||}$}}1 %needed for correct display in index
    {'a}{{\color{ecgreen}$\alpha\,$}}1
    {'b}{{\color{ecgreen}$\beta\,$}}1
    {'c}{{\color{ecgreen}$\gamma\,$}}1
    {'t}{{\color{ecgreen}$\tau\,$}}1
    {'x}{{\color{ecgreen}$\chi\,$}}1
    {lambda}{{$\lambda\,$}}1
    {sumvd}{{$\sum_{\textsf{v} \in \textsf{d}}$}}1
    {o5}{{$\frac{1}{2}$}}1
    {result}{{$\result$}}1 
    {m0}{{$\textsf{m}_0$}}1
    {m1}{{$\textsf{m}_1$}}1
    {l0}{{$\textsf{l}_0$}}1
}

% --------------------------------------------------------------------
\lstdefinelanguage{easycrypt}{
  language=easycrypt-base,
  style=easycrypt-default,
}

\lstdefinelanguage{easycrypt-math}{
  language=easycrypt-base,
  style=easycrypt-math,
}

\lstdefinelanguage{easycrypt-math-nocolors}{
  language=easycrypt-base,
  style=easycrypt-math-nocolors,
}
